################################################################################
#                                                                              #
#      IAR Universal Linker V6.0.0.46                                          #
#                                                                              #
#           Link time     =  06/Nov/2014  13:07:35                             #
#           Target CPU    =  MSP430                                            #
#           List file     =  D:\uah\cpe323\lab10\Debug\List\project_file.map   #
#           Output file 1 =  D:\uah\cpe323\lab10\Debug\Exe\project_file.d43    #
#                            Format: debug                                     #
#                            UBROF version 10.0.6                              #
#                            Using library modules for C-SPY (-rt)             #
#           Command line  =  D:\uah\cpe323\lab10\Debug\Obj\lab10.r43 -o        #
#                            D:\uah\cpe323\lab10\Debug\Exe\project_file.d43    #
#                            -l                                                #
#                            D:\uah\cpe323\lab10\Debug\List\project_file.map   #
#                            -xms                                              #
#                            "-IC:\Program Files (x86)\IAR Systems\Embedded Wo #
#                            rkbench 7.0\430\LIB\"                             #
#                            -f                                                #
#                            "C:\Program Files (x86)\IAR Systems\Embedded Work #
#                            bench 7.0\430\config\linker\lnk430FG4618.xcl"     #
#                            (-cmsp430 -QCODE_I=CODE_ID -QTLS16_I=TLS16_ID     #
#                            -Z(CONST)INFO=1000-10FF                           #
#                            -Z(CONST)INFOA=1080-10FF                          #
#                            -Z(CONST)INFOB=1000-107F                          #
#                            -Z(DATA)DATA16_I,DATA16_Z,DATA16_N,TLS16_I=1100-3 #
#                            0FF                                               #
#                            -Z(DATA)DATA16_HEAP+_DATA16_HEAP_SIZE             #
#                            -Z(DATA)CODE_I                                    #
#                            -Z(DATA)DATA20_I,DATA20_Z,DATA20_N,DATA20_HEAP+_D #
#                            ATA20_HEAP_SIZE                                   #
#                            -Z(DATA)CSTACK+_STACK_SIZE#                       #
#                            -Z(CONST)DATA16_C,DATA16_ID,TLS16_ID,DIFUNCT,CHEC #
#                            KSUM=3100-FFBF                                    #
#                            -Z(CODE)CSTART,ISR_CODE,CODE16=3100-FFBF          #
#                            -P(CODE)CODE=3100-FFBF,10000-1FFFF                #
#                            -Z(CODE)CODE_ID                                   #
#                            -Z(CONST)DATA20_C,DATA20_ID=3100-FFBF,10000-1FFFF #
#                            -Z(CODE)INTVEC=FFC0-FFFF                          #
#                            -Z(CODE)RESET=FFFE-FFFF) -f                       #
#                            "C:\Program Files (x86)\IAR Systems\Embedded Work #
#                            bench 7.0\430\config\linker\multiplier.xcl"       #
#                            (-e?Mul8Hw=?Mul8 -e?Mul16Hw=?Mul16                #
#                            -e?Mul16to32uHw=?Mul16to32u                       #
#                            -e?Mul16to32sHw=?Mul16to32s -e?Mul32Hw=?Mul32     #
#                            -e_Mul64iHw=_Mul64i                               #
#                            -e_Mul32u32uto64iHw=_Mul32u32uto64i               #
#                            -e?Mul32fHw=_Mul32f -e_Mul64fHwPtr=_Mul64fPtr)    #
#                            -D_STACK_SIZE=50 -rt                              #
#                            "C:\Program Files (x86)\IAR Systems\Embedded Work #
#                            bench 7.0\430\lib\dlib\dl430xlsfn.r43"            #
#                            -D_DATA16_HEAP_SIZE=50 -s __program_start         #
#                            -D_DATA20_HEAP_SIZE=50                            #
#                                                                              #
#                           Copyright (C) 1987-2014 IAR Systems AB.            #
################################################################################





                ****************************************
                *                                      *
                *           CROSS REFERENCE            *
                *                                      *
                ****************************************

       Program entry at :           3100  Relocatable, from module : ?cstart




                ****************************************
                *                                      *
                *            RUNTIME MODEL             *
                *                                      *
                ****************************************

  __Heap_Handler             = Basic
  __SystemLibrary            = DLib
  __code_model               = large
  __core                     = 430X
  __data_model               = small
  __dlib_file_descriptor     = 0
  __dlib_full_locale_support = 0
  __double_size              = 32
  __pic                      = no
  __reg_r4                   = free
  __reg_r5                   = free
  __rt_version               = 3

                ****************************************
                *                                      *
                *    AUTOMATIC SYMBOL REDIRECTIONS     *
                *                                      *
                ****************************************

                  There are no automatic symbol redirections.



                ****************************************
                *                                      *
                *              MODULE MAP              *
                *                                      *
                ****************************************


  DEFINED ABSOLUTE ENTRIES
    *************************************************************************

  DEFINED ABSOLUTE ENTRIES
  PROGRAM MODULE, NAME : ?ABS_ENTRY_MOD

Absolute parts
           ENTRY                   ADDRESS         REF BY
           =====                   =======         ======
           _DATA20_HEAP_SIZE       0050 
           _DATA16_HEAP_SIZE       0050 
           _STACK_SIZE             0050 
    *************************************************************************

  FILE NAME : D:\uah\cpe323\lab10\Debug\Obj\lab10.r43
  PROGRAM MODULE, NAME : lab10

  SEGMENTS IN THE MODULE
  ======================
DATA16_AN
  Relative segment, address: 0003 - 0003 (0x1 bytes), align: 0
  Segment part 1. ROOT        Intra module refs:   UART_putchar
           ENTRY                   ADDRESS         REF BY
           =====                   =======         ======
           IFG2                    0003 
    -------------------------------------------------------------------------
DATA16_AN
  Relative segment, address: 01A0 - 01A1 (0x2 bytes), align: 0
  Segment part 2. ROOT        Intra module refs:   main
           ENTRY                   ADDRESS         REF BY
           =====                   =======         ======
           ADC12CTL0               01A0 
    -------------------------------------------------------------------------
DATA16_AN
  Relative segment, address: 01A2 - 01A3 (0x2 bytes), align: 0
  Segment part 3. ROOT        Intra module refs:   main
           ENTRY                   ADDRESS         REF BY
           =====                   =======         ======
           ADC12CTL1               01A2 
    -------------------------------------------------------------------------
DATA16_AN
  Relative segment, address: 01A6 - 01A7 (0x2 bytes), align: 0
  Segment part 4. ROOT        Intra module refs:   main
           ENTRY                   ADDRESS         REF BY
           =====                   =======         ======
           ADC12IE                 01A6 
    -------------------------------------------------------------------------
DATA16_AN
  Relative segment, address: 0140 - 0141 (0x2 bytes), align: 0
  Segment part 5. ROOT        Intra module refs:   ADC12ISR
           ENTRY                   ADDRESS         REF BY
           =====                   =======         ======
           ADC12MEM0               0140 
    -------------------------------------------------------------------------
DATA16_AN
  Relative segment, address: 0142 - 0143 (0x2 bytes), align: 0
  Segment part 6. ROOT        Intra module refs:   ADC12ISR
           ENTRY                   ADDRESS         REF BY
           =====                   =======         ======
           ADC12MEM1               0142 
    -------------------------------------------------------------------------
DATA16_AN
  Relative segment, address: 0144 - 0145 (0x2 bytes), align: 0
  Segment part 7. ROOT        Intra module refs:   ADC12ISR
           ENTRY                   ADDRESS         REF BY
           =====                   =======         ======
           ADC12MEM2               0144 
    -------------------------------------------------------------------------
DATA16_AN
  Relative segment, address: 0080 - 0080 (0x1 bytes), align: 0
  Segment part 8. ROOT        Intra module refs:   main
           ENTRY                   ADDRESS         REF BY
           =====                   =======         ======
           ADC12MCTL0              0080 
    -------------------------------------------------------------------------
DATA16_AN
  Relative segment, address: 0081 - 0081 (0x1 bytes), align: 0
  Segment part 9. ROOT        Intra module refs:   main
           ENTRY                   ADDRESS         REF BY
           =====                   =======         ======
           ADC12MCTL1              0081 
    -------------------------------------------------------------------------
DATA16_AN
  Relative segment, address: 0082 - 0082 (0x1 bytes), align: 0
  Segment part 10. ROOT       Intra module refs:   main
           ENTRY                   ADDRESS         REF BY
           =====                   =======         ======
           ADC12MCTL2              0082 
    -------------------------------------------------------------------------
DATA16_AN
  Relative segment, address: 002E - 002E (0x1 bytes), align: 0
  Segment part 11. ROOT       Intra module refs:   initializeUART
           ENTRY                   ADDRESS         REF BY
           =====                   =======         ======
           P2SEL                   002E 
    -------------------------------------------------------------------------
DATA16_AN
  Relative segment, address: 0036 - 0036 (0x1 bytes), align: 0
  Segment part 12. ROOT       Intra module refs:   main
           ENTRY                   ADDRESS         REF BY
           =====                   =======         ======
           P6DIR                   0036 
    -------------------------------------------------------------------------
DATA16_AN
  Relative segment, address: 0037 - 0037 (0x1 bytes), align: 0
  Segment part 13. ROOT       Intra module refs:   main
           ENTRY                   ADDRESS         REF BY
           =====                   =======         ======
           P6SEL                   0037 
    -------------------------------------------------------------------------
DATA16_AN
  Relative segment, address: 0160 - 0161 (0x2 bytes), align: 0
  Segment part 14. ROOT       Intra module refs:   main
           ENTRY                   ADDRESS         REF BY
           =====                   =======         ======
           TACTL                   0160 
    -------------------------------------------------------------------------
DATA16_AN
  Relative segment, address: 0162 - 0163 (0x2 bytes), align: 0
  Segment part 15. ROOT       Intra module refs:   main
           ENTRY                   ADDRESS         REF BY
           =====                   =======         ======
           TACCTL0                 0162 
    -------------------------------------------------------------------------
DATA16_AN
  Relative segment, address: 0172 - 0173 (0x2 bytes), align: 0
  Segment part 16. ROOT       Intra module refs:   main
           ENTRY                   ADDRESS         REF BY
           =====                   =======         ======
           TACCR0                  0172 
    -------------------------------------------------------------------------
DATA16_AN
  Relative segment, address: 0060 - 0060 (0x1 bytes), align: 0
  Segment part 17. ROOT       Intra module refs:   initializeUART
           ENTRY                   ADDRESS         REF BY
           =====                   =======         ======
           UCA0CTL0                0060 
    -------------------------------------------------------------------------
DATA16_AN
  Relative segment, address: 0061 - 0061 (0x1 bytes), align: 0
  Segment part 18. ROOT       Intra module refs:   initializeUART
           ENTRY                   ADDRESS         REF BY
           =====                   =======         ======
           UCA0CTL1                0061 
    -------------------------------------------------------------------------
DATA16_AN
  Relative segment, address: 0062 - 0062 (0x1 bytes), align: 0
  Segment part 19. ROOT       Intra module refs:   initializeUART
           ENTRY                   ADDRESS         REF BY
           =====                   =======         ======
           UCA0BR0                 0062 
    -------------------------------------------------------------------------
DATA16_AN
  Relative segment, address: 0063 - 0063 (0x1 bytes), align: 0
  Segment part 20. ROOT       Intra module refs:   initializeUART
           ENTRY                   ADDRESS         REF BY
           =====                   =======         ======
           UCA0BR1                 0063 
    -------------------------------------------------------------------------
DATA16_AN
  Relative segment, address: 0064 - 0064 (0x1 bytes), align: 0
  Segment part 21. ROOT       Intra module refs:   initializeUART
           ENTRY                   ADDRESS         REF BY
           =====                   =======         ======
           UCA0MCTL                0064 
    -------------------------------------------------------------------------
DATA16_AN
  Relative segment, address: 0067 - 0067 (0x1 bytes), align: 0
  Segment part 22. ROOT       Intra module refs:   UART_putchar
           ENTRY                   ADDRESS         REF BY
           =====                   =======         ======
           UCA0TXBUF               0067 
    -------------------------------------------------------------------------
DATA16_AN
  Relative segment, address: 0120 - 0121 (0x2 bytes), align: 0
  Segment part 23. ROOT       Intra module refs:   main
           ENTRY                   ADDRESS         REF BY
           =====                   =======         ======
           WDTCTL                  0120 
    -------------------------------------------------------------------------
DATA16_Z
  Relative segment, address: 1100 - 1103 (0x4 bytes), align: 1
  Segment part 27.            Intra module refs:   ADC12ISR
                                                   sendData
           ENTRY                   ADDRESS         REF BY
           =====                   =======         ======
           ADCXval                 1100 
    -------------------------------------------------------------------------
DATA16_Z
  Relative segment, address: 1104 - 1107 (0x4 bytes), align: 1
  Segment part 28.            Intra module refs:   ADC12ISR
                                                   sendData
           ENTRY                   ADDRESS         REF BY
           =====                   =======         ======
           ADCYval                 1104 
    -------------------------------------------------------------------------
DATA16_Z
  Relative segment, address: 1108 - 110B (0x4 bytes), align: 1
  Segment part 29.            Intra module refs:   ADC12ISR
                                                   sendData
           ENTRY                   ADDRESS         REF BY
           =====                   =======         ======
           ADCZval                 1108 
    -------------------------------------------------------------------------
DATA16_Z
  Relative segment, address: 110C - 110F (0x4 bytes), align: 1
  Segment part 30.            Intra module refs:   sendData
           ENTRY                   ADDRESS         REF BY
           =====                   =======         ======
           Xper                    110C 
    -------------------------------------------------------------------------
DATA16_Z
  Relative segment, address: 1110 - 1113 (0x4 bytes), align: 1
  Segment part 31.            Intra module refs:   sendData
           ENTRY                   ADDRESS         REF BY
           =====                   =======         ======
           Yper                    1110 
    -------------------------------------------------------------------------
DATA16_Z
  Relative segment, address: 1114 - 1117 (0x4 bytes), align: 1
  Segment part 32.            Intra module refs:   sendData
           ENTRY                   ADDRESS         REF BY
           =====                   =======         ======
           Zper                    1114 
    -------------------------------------------------------------------------
<CODE> 1 (was CODE)
  Relative segment, address: 3456 - 3461 (0xc bytes), align: 1
  Segment part 38.            Intra module refs:   sendData
           ENTRY                   ADDRESS         REF BY
           =====                   =======         ======
           UART_putchar            3456 
               CSTACK = 00000000 ( 00000004 )
    -------------------------------------------------------------------------
<CODE> 1 (was CODE)
  Relative segment, address: 3406 - 342B (0x26 bytes), align: 1
  Segment part 37.            Intra module refs:   main
           ENTRY                   ADDRESS         REF BY
           =====                   =======         ======
           initializeUART          3406 
               CSTACK = 00000000 ( 00000004 )
    -------------------------------------------------------------------------
<CODE> 1 (was CODE)
  Relative segment, address: 315E - 3267 (0x10a bytes), align: 1
  Segment part 36.            Intra module refs:   timerA_isr
           ENTRY                   ADDRESS         REF BY
           =====                   =======         ======
           sendData                315E 
               calls direct
               CSTACK = 00000000 ( 0000000C )
    -------------------------------------------------------------------------
<CODE> 1 (was CODE)
  Relative segment, address: 32FA - 335D (0x64 bytes), align: 1
  Segment part 35.
           ENTRY                   ADDRESS         REF BY
           =====                   =======         ======
           main                    32FA            Segment part 23 (?cstart)
               calls direct
               CSTACK = 00000000 ( 00000004 )
    -------------------------------------------------------------------------
ISR_CODE
  Relative segment, address: 3118 - 314D (0x36 bytes), align: 1
  Segment part 34.            Intra module refs:   ADC12ISR::??INTVEC 46
           ENTRY                   ADDRESS         REF BY
           =====                   =======         ======
           ADC12ISR                3118 
               interrupt function
               CSTACK = 00000000 ( 00000008 )
    -------------------------------------------------------------------------
ISR_CODE
  Relative segment, address: 314E - 315D (0x10 bytes), align: 1
  Segment part 33.            Intra module refs:   timerA_isr::??INTVEC 44
           ENTRY                   ADDRESS         REF BY
           =====                   =======         ======
           timerA_isr              314E 
               interrupt function
               calls direct
               CSTACK = 00000000 ( 0000000C )
    -------------------------------------------------------------------------
INTVEC
  Common segment, address: FFC0 - FFED (0x2e bytes), align: 1
  Segment part 24. ROOT 
           ENTRY                   ADDRESS         REF BY
           =====                   =======         ======
           timerA_isr::??INTVEC 44
                                   FFEC 
    -------------------------------------------------------------------------
INTVEC
  Common segment, address: FFC0 - FFEF (0x30 bytes), align: 1
  Segment part 25. ROOT 
           ENTRY                   ADDRESS         REF BY
           =====                   =======         ======
           ADC12ISR::??INTVEC 46   FFEE 

    *************************************************************************

  FILE NAME : C:\Program Files (x86)\IAR Systems\Embedded Workbench 7.0\430\lib\dlib\dl430xlsfn.r43
  LIBRARY MODULE, NAME : ?__dbg_break

  SEGMENTS IN THE MODULE
  ======================
<CODE> 1 (was CODE)
  Relative segment, address: 346A - 346B (0x2 bytes), align: 1
  Segment part 2.
           ENTRY                   ADDRESS         REF BY
           =====                   =======         ======
           __DebugBreak            346A            __exit (?__exit)

    -------------------------------------------------------------------------
  LIBRARY MODULE, NAME : ?__exit

  SEGMENTS IN THE MODULE
  ======================
<CODE> 1 (was CODE)
  Relative segment, address: 342C - 3443 (0x18 bytes), align: 1
  Segment part 2.
           ENTRY                   ADDRESS         REF BY
           =====                   =======         ======
           __exit                  342C            Segment part 6 (?_exit)
                                                   _exit (?_exit)
               calls direct

    -------------------------------------------------------------------------
  LIBRARY MODULE, NAME : ?_exit

  SEGMENTS IN THE MODULE
  ======================
<CODE> 1 (was CODE)
  Relative segment, address: 3462, align: 1
  Segment part 0.
           ENTRY                   ADDRESS         REF BY
           =====                   =======         ======
           _exit                   3462            exit (?exit)
    -------------------------------------------------------------------------
<CODE> 1 (was CODE)
  Relative segment, address: 3462 - 3465 (0x4 bytes), align: 1
  Segment part 6.             Intra module refs:   _exit

    -------------------------------------------------------------------------
  LIBRARY MODULE, NAME : ?cstart

  SEGMENTS IN THE MODULE
  ======================
CSTACK
  Relative segment, address: 30B0, align: 1
  Segment part 1.
    -------------------------------------------------------------------------
DATA16_Z
  Relative segment, address: 1118, align: 1
  Segment part 2.
    -------------------------------------------------------------------------
CSTART
  Relative segment, address: 3100 - 3103 (0x4 bytes), align: 1
  Segment part 12.
           ENTRY                   ADDRESS         REF BY
           =====                   =======         ======
           __program_start         3100            ?reset_vector (?reset_vector)
                                                   Absolute parts (?ABS_ENTRY_MOD)
           ?cstart_begin           3100 
    -------------------------------------------------------------------------
CSTART
  Relative segment, address: 3104 - 310F (0xc bytes), align: 1
  Segment part 16.
           ENTRY                   ADDRESS         REF BY
           =====                   =======         ======
           ?cstart_init_zero       3104            ADCXval (lab10)
                                                   ADCYval (lab10)
                                                   ADCZval (lab10)
                                                   Xper (lab10)
                                                   Yper (lab10)
                                                   Zper (lab10)
    -------------------------------------------------------------------------
CSTART
  Relative segment, address: 3110 - 3117 (0x8 bytes), align: 1
  Segment part 23.            Intra module refs:   Segment part 12
           ENTRY                   ADDRESS         REF BY
           =====                   =======         ======
           ?cstart_call_main       3110 
           ?cstart_end             3118 

    -------------------------------------------------------------------------
  LIBRARY MODULE, NAME : ?reset_vector

  SEGMENTS IN THE MODULE
  ======================
RESET
  Relative segment, address: FFFE - FFFF (0x2 bytes), align: 1
  Segment part 0.
           ENTRY                   ADDRESS         REF BY
           =====                   =======         ======
           ?reset_vector           FFFE            Segment part 12 (?cstart)

    -------------------------------------------------------------------------
  LIBRARY MODULE, NAME : ?exit

  SEGMENTS IN THE MODULE
  ======================
<CODE> 1 (was CODE)
  Relative segment, address: 3466 - 3469 (0x4 bytes), align: 1
  Segment part 2.
           ENTRY                   ADDRESS         REF BY
           =====                   =======         ======
           exit                    3466            Segment part 23 (?cstart)
               calls direct
               CSTACK = 00000000 ( 00000004 )

    -------------------------------------------------------------------------
  LIBRARY MODULE, NAME : ?Cast32f32i

  SEGMENTS IN THE MODULE
  ======================
<CODE> 1 (was CODE)
  Relative segment, address: 3268 - 32F9 (0x92 bytes), align: 1
  Segment part 0.
           ENTRY                   ADDRESS         REF BY
           =====                   =======         ======
           _Cast32sto32f           3268            sendData (lab10)
           _Cast32uto32f           327C 

    -------------------------------------------------------------------------
  LIBRARY MODULE, NAME : ?DivMod32u

  SEGMENTS IN THE MODULE
  ======================
<CODE> 1 (was CODE)
  Relative segment, address: 339E - 33D5 (0x38 bytes), align: 1
  Segment part 0.
           ENTRY                   ADDRESS         REF BY
           =====                   =======         ======
           ?DivMod32u              339E            ?DivMod32s (?DivMod32s)

    -------------------------------------------------------------------------
  LIBRARY MODULE, NAME : ?DivMod32s

  SEGMENTS IN THE MODULE
  ======================
<CODE> 1 (was CODE)
  Relative segment, address: 335E - 339D (0x40 bytes), align: 1
  Segment part 0.
           ENTRY                   ADDRESS         REF BY
           =====                   =======         ======
           ?DivMod32s              335E            sendData (lab10)

    -------------------------------------------------------------------------
  LIBRARY MODULE, NAME : ?memzero

  SEGMENTS IN THE MODULE
  ======================
<CODE> 1 (was CODE)
  Relative segment, address: 3444 - 3455 (0x12 bytes), align: 1
  Segment part 4.
           ENTRY                   ADDRESS         REF BY
           =====                   =======         ======
           __data16_memzero        3444            ?cstart_init_zero (?cstart)
               CSTACK = 00000000 ( 00000004 )

    -------------------------------------------------------------------------
  LIBRARY MODULE, NAME : ?Mul32Hw

  SEGMENTS IN THE MODULE
  ======================
<CODE> 1 (was CODE)
  Relative segment, address: 33D6 - 3405 (0x30 bytes), align: 1
  Segment part 0.
           ENTRY                   ADDRESS         REF BY
           =====                   =======         ======
           ?Mul32Hw                33D6            sendData (lab10)




                ****************************************
                *                                      *
                *      SEGMENTS IN ADDRESS ORDER       *
                *                                      *
                ****************************************


SEGMENT              SPACE    START ADDRESS   END ADDRESS     SIZE  TYPE  ALIGN
=======              =====    =============   ===========     ====  ====  =====
DATA16_AN                              0003 - 0003               1   rel    0
                                       002E - 002E               1 
                                       0036 - 0037               2 
                                       0060 - 0064               5 
                                       0067 - 0067               1 
                                       0080 - 0082               3 
                                       0120 - 0121               2 
                                       0140 - 0145               6 
                                       0160 - 0163               4 
                                       0172 - 0173               2 
                                       01A0 - 01A3               4 
                                       01A6 - 01A7               2 
DATA16_I                                  1100                       dse    0
DATA16_Z                               1100 - 1117              18   rel    1
CSTACK                                 30B0 - 30FF              50   rel    1
CSTART                                 3100 - 3117              18   rel    1
ISR_CODE                               3118 - 315D              46   rel    1
<CODE> 1                               315E - 346B             30E   rel    1
INTVEC                                 FFC0 - FFEF              30   com    1
RESET                                  FFFE - FFFF               2   rel    1

                ****************************************
                *                                      *
                *        END OF CROSS REFERENCE        *
                *                                      *
                ****************************************

 926 bytes of CODE memory
 104 bytes of DATA memory (+ 33 absolute )

Errors: none
Warnings: none

