################################################################################
#                                                                              #
#      IAR Universal Linker V6.0.0.46                                          #
#                                                                              #
#           Link time     =  14/Oct/2014  15:05:12                             #
#           Target CPU    =  MSP430                                            #
#           List file     =  D:\uah\cpe323\lab7\assignment\Debug\List\project_ #
#                            file.map                                          #
#           Output file 1 =  D:\uah\cpe323\lab7\assignment\Debug\Exe\project_f #
#                            ile.d43                                           #
#                            Format: debug                                     #
#                            UBROF version 10.0.6                              #
#                            Using library modules for C-SPY (-rt)             #
#           Command line  =  D:\uah\cpe323\lab7\assignment\Debug\Obj\lab7_assi #
#                            gnment.r43                                        #
#                            -o                                                #
#                            D:\uah\cpe323\lab7\assignment\Debug\Exe\project_f #
#                            ile.d43                                           #
#                            -l                                                #
#                            D:\uah\cpe323\lab7\assignment\Debug\List\project_ #
#                            file.map                                          #
#                            -xms                                              #
#                            "-IC:\Program Files (x86)\IAR Systems\Embedded Wo #
#                            rkbench 7.0\430\LIB\"                             #
#                            -f                                                #
#                            "C:\Program Files (x86)\IAR Systems\Embedded Work #
#                            bench 7.0\430\config\linker\lnk430FG4618.xcl"     #
#                            (-cmsp430 -QCODE_I=CODE_ID -QTLS16_I=TLS16_ID     #
#                            -Z(CONST)INFO=1000-10FF                           #
#                            -Z(CONST)INFOA=1080-10FF                          #
#                            -Z(CONST)INFOB=1000-107F                          #
#                            -Z(DATA)DATA16_I,DATA16_Z,DATA16_N,TLS16_I=1100-3 #
#                            0FF                                               #
#                            -Z(DATA)DATA16_HEAP+_DATA16_HEAP_SIZE             #
#                            -Z(DATA)CODE_I                                    #
#                            -Z(DATA)DATA20_I,DATA20_Z,DATA20_N,DATA20_HEAP+_D #
#                            ATA20_HEAP_SIZE                                   #
#                            -Z(DATA)CSTACK+_STACK_SIZE#                       #
#                            -Z(CONST)DATA16_C,DATA16_ID,TLS16_ID,DIFUNCT,CHEC #
#                            KSUM=3100-FFBF                                    #
#                            -Z(CODE)CSTART,ISR_CODE,CODE16=3100-FFBF          #
#                            -P(CODE)CODE=3100-FFBF,10000-1FFFF                #
#                            -Z(CODE)CODE_ID                                   #
#                            -Z(CONST)DATA20_C,DATA20_ID=3100-FFBF,10000-1FFFF #
#                            -Z(CODE)INTVEC=FFC0-FFFF                          #
#                            -Z(CODE)RESET=FFFE-FFFF) -f                       #
#                            "C:\Program Files (x86)\IAR Systems\Embedded Work #
#                            bench 7.0\430\config\linker\multiplier.xcl"       #
#                            (-e?Mul8Hw=?Mul8 -e?Mul16Hw=?Mul16                #
#                            -e?Mul16to32uHw=?Mul16to32u                       #
#                            -e?Mul16to32sHw=?Mul16to32s -e?Mul32Hw=?Mul32     #
#                            -e_Mul64iHw=_Mul64i                               #
#                            -e_Mul32u32uto64iHw=_Mul32u32uto64i               #
#                            -e?Mul32fHw=_Mul32f -e_Mul64fHwPtr=_Mul64fPtr)    #
#                            -D_STACK_SIZE=50 -rt                              #
#                            "C:\Program Files (x86)\IAR Systems\Embedded Work #
#                            bench 7.0\430\lib\dlib\dl430xlsfn.r43"            #
#                            -D_DATA16_HEAP_SIZE=50 -s __program_start         #
#                            -D_DATA20_HEAP_SIZE=50                            #
#                                                                              #
#                           Copyright (C) 1987-2014 IAR Systems AB.            #
################################################################################





                ****************************************
                *                                      *
                *           CROSS REFERENCE            *
                *                                      *
                ****************************************

       Program entry at :           3398  Relocatable, from module : ?cstart




                ****************************************
                *                                      *
                *            RUNTIME MODEL             *
                *                                      *
                ****************************************

  __Heap_Handler             = Basic
  __SystemLibrary            = DLib
  __code_model               = large
  __core                     = 430X
  __data_model               = small
  __dlib_file_descriptor     = 0
  __dlib_full_locale_support = 0
  __double_size              = 32
  __pic                      = no
  __reg_r4                   = free
  __reg_r5                   = free
  __rt_version               = 3

                ****************************************
                *                                      *
                *    AUTOMATIC SYMBOL REDIRECTIONS     *
                *                                      *
                ****************************************

                  There are no automatic symbol redirections.



                ****************************************
                *                                      *
                *              MODULE MAP              *
                *                                      *
                ****************************************


  DEFINED ABSOLUTE ENTRIES
    *************************************************************************

  DEFINED ABSOLUTE ENTRIES
  PROGRAM MODULE, NAME : ?ABS_ENTRY_MOD

Absolute parts
           ENTRY                   ADDRESS         REF BY
           =====                   =======         ======
           _DATA20_HEAP_SIZE       0050 
           _DATA16_HEAP_SIZE       0050 
           _STACK_SIZE             0050 
    *************************************************************************

  FILE NAME : D:\uah\cpe323\lab7\assignment\Debug\Obj\lab7_assignment.r43
  PROGRAM MODULE, NAME : lab7_assignment

  SEGMENTS IN THE MODULE
  ======================
DATA16_AN
  Relative segment, address: 0000 - 0000 (0x1 bytes), align: 0
  Segment part 1. ROOT        Intra module refs:   main
           ENTRY                   ADDRESS         REF BY
           =====                   =======         ======
           IE1                     0000 
    -------------------------------------------------------------------------
DATA16_AN
  Relative segment, address: 001A - 001A (0x1 bytes), align: 0
  Segment part 2. ROOT        Intra module refs:   main
           ENTRY                   ADDRESS         REF BY
           =====                   =======         ======
           P3DIR                   001A 
    -------------------------------------------------------------------------
DATA16_AN
  Relative segment, address: 001B - 001B (0x1 bytes), align: 0
  Segment part 3. ROOT        Intra module refs:   main
           ENTRY                   ADDRESS         REF BY
           =====                   =======         ======
           P3SEL                   001B 
    -------------------------------------------------------------------------
DATA16_AN
  Relative segment, address: 0180 - 0181 (0x2 bytes), align: 0
  Segment part 4. ROOT        Intra module refs:   main
           ENTRY                   ADDRESS         REF BY
           =====                   =======         ======
           TBCTL                   0180 
    -------------------------------------------------------------------------
DATA16_AN
  Relative segment, address: 018A - 018B (0x2 bytes), align: 0
  Segment part 5. ROOT        Intra module refs:   main
           ENTRY                   ADDRESS         REF BY
           =====                   =======         ======
           TBCCTL4                 018A 
    -------------------------------------------------------------------------
DATA16_AN
  Relative segment, address: 0192 - 0193 (0x2 bytes), align: 0
  Segment part 6. ROOT        Intra module refs:   main
           ENTRY                   ADDRESS         REF BY
           =====                   =======         ======
           TBCCR0                  0192 
    -------------------------------------------------------------------------
DATA16_AN
  Relative segment, address: 019A - 019B (0x2 bytes), align: 0
  Segment part 7. ROOT        Intra module refs:   main
           ENTRY                   ADDRESS         REF BY
           =====                   =======         ======
           TBCCR4                  019A 
    -------------------------------------------------------------------------
DATA16_AN
  Relative segment, address: 0120 - 0121 (0x2 bytes), align: 0
  Segment part 8. ROOT        Intra module refs:   main
           ENTRY                   ADDRESS         REF BY
           =====                   =======         ======
           WDTCTL                  0120 
    -------------------------------------------------------------------------
DATA16_Z
  Relative segment, address: 1398 - 1399 (0x2 bytes), align: 1
  Segment part 11.            Intra module refs:   blink_watchdog
                                                   main
           ENTRY                   ADDRESS         REF BY
           =====                   =======         ======
           new_note_flag           1398 
    -------------------------------------------------------------------------
DATA16_I
  Relative segment, address: 1100 - 1133 (0x34 bytes), align: 1
  Segment part 12.            Intra module refs:   main
           ENTRY                   ADDRESS         REF BY
           =====                   =======         ======
           freq                    1100 
    -------------------------------------------------------------------------
DATA16_I
  Relative segment, address: 12C4 - 12D0 (0xd bytes), align: 0
  Segment part 14.            Intra module refs:   main
           ENTRY                   ADDRESS         REF BY
           =====                   =======         ======
           notes                   12C4 
    -------------------------------------------------------------------------
DATA16_I
  Relative segment, address: 12D1 - 1396 (0xc6 bytes), align: 0
  Segment part 16.            Intra module refs:   blink_watchdog
                                                   main
           ENTRY                   ADDRESS         REF BY
           =====                   =======         ======
           songs                   12D1 
    -------------------------------------------------------------------------
DATA16_I
  Relative segment, address: 1134 - 12BF (0x18c bytes), align: 1
  Segment part 18.            Intra module refs:   blink_watchdog
           ENTRY                   ADDRESS         REF BY
           =====                   =======         ======
           songs_octive            1134 
    -------------------------------------------------------------------------
DATA16_I
  Relative segment, address: 12C0 - 12C1 (0x2 bytes), align: 1
  Segment part 20.            Intra module refs:   blink_watchdog
           ENTRY                   ADDRESS         REF BY
           =====                   =======         ======
           index                   12C0 
    -------------------------------------------------------------------------
DATA16_I
  Relative segment, address: 12C2 - 12C3 (0x2 bytes), align: 1
  Segment part 24.            Intra module refs:   blink_watchdog
                                                   main
           ENTRY                   ADDRESS         REF BY
           =====                   =======         ======
           current_song            12C2 
    -------------------------------------------------------------------------
DATA16_Z
  Relative segment, address: 139A - 139B (0x2 bytes), align: 1
  Segment part 26.            Intra module refs:   blink_watchdog
           ENTRY                   ADDRESS         REF BY
           =====                   =======         ======
           rest                    139A 
    -------------------------------------------------------------------------
DATA16_Z
  Relative segment, address: 139C - 139D (0x2 bytes), align: 1
  Segment part 27.            Intra module refs:   blink_watchdog
                                                   main
           ENTRY                   ADDRESS         REF BY
           =====                   =======         ======
           pulse                   139C 
    -------------------------------------------------------------------------
DATA16_I
  Relative segment, address: 1397 - 1397 (0x1 bytes), align: 0
  Segment part 28.            Intra module refs:   blink_watchdog
                                                   main
           ENTRY                   ADDRESS         REF BY
           =====                   =======         ======
           note                    1397 
    -------------------------------------------------------------------------
DATA16_Z
  Relative segment, address: 139E - 139F (0x2 bytes), align: 1
  Segment part 30.            Intra module refs:   blink_watchdog
                                                   main
           ENTRY                   ADDRESS         REF BY
           =====                   =======         ======
           octive                  139E 
    -------------------------------------------------------------------------
<CODE> 1 (was CODE)
  Relative segment, address: 3DF4 - 3EB1 (0xbe bytes), align: 1
  Segment part 32.
           ENTRY                   ADDRESS         REF BY
           =====                   =======         ======
           main                    3DF4            Segment part 23 (?cstart)
               calls direct
               CSTACK = 00000000 ( 00000006 )
    -------------------------------------------------------------------------
ISR_CODE
  Relative segment, address: 33C0 - 343F (0x80 bytes), align: 1
  Segment part 31.            Intra module refs:   blink_watchdog::??INTVEC 52
           ENTRY                   ADDRESS         REF BY
           =====                   =======         ======
           blink_watchdog          33C0 
               interrupt function
               CSTACK = 00000000 ( 0000000A )
    -------------------------------------------------------------------------
INTVEC
  Common segment, address: FFC0 - FFF5 (0x36 bytes), align: 1
  Segment part 9. ROOT 
           ENTRY                   ADDRESS         REF BY
           =====                   =======         ======
           blink_watchdog::??INTVEC 52
                                   FFF4 
    -------------------------------------------------------------------------
DATA16_ID
  Relative segment, address: 3100 - 3133 (0x34 bytes), align: 1
  Segment part 13.            Intra module refs:   freq
    -------------------------------------------------------------------------
DATA16_ID
  Relative segment, address: 32C4 - 32D0 (0xd bytes), align: 0
  Segment part 15.            Intra module refs:   notes
    -------------------------------------------------------------------------
DATA16_ID
  Relative segment, address: 32D1 - 3396 (0xc6 bytes), align: 0
  Segment part 17.            Intra module refs:   songs
    -------------------------------------------------------------------------
DATA16_ID
  Relative segment, address: 3134 - 32BF (0x18c bytes), align: 1
  Segment part 19.            Intra module refs:   songs_octive
    -------------------------------------------------------------------------
DATA16_ID
  Relative segment, address: 32C0 - 32C1 (0x2 bytes), align: 1
  Segment part 21.            Intra module refs:   index
    -------------------------------------------------------------------------
DATA16_ID
  Relative segment, address: 32C2 - 32C3 (0x2 bytes), align: 1
  Segment part 25.            Intra module refs:   current_song
    -------------------------------------------------------------------------
DATA16_ID
  Relative segment, address: 3397 - 3397 (0x1 bytes), align: 0
  Segment part 29.            Intra module refs:   note

    *************************************************************************

  FILE NAME : C:\Program Files (x86)\IAR Systems\Embedded Workbench 7.0\430\lib\dlib\dl430xlsfn.r43
  LIBRARY MODULE, NAME : ?__dbg_break

  SEGMENTS IN THE MODULE
  ======================
<CODE> 1 (was CODE)
  Relative segment, address: 440C - 440D (0x2 bytes), align: 1
  Segment part 2.
           ENTRY                   ADDRESS         REF BY
           =====                   =======         ======
           __DebugBreak            440C            __exit (?__exit)

    -------------------------------------------------------------------------
  LIBRARY MODULE, NAME : ?__exit

  SEGMENTS IN THE MODULE
  ======================
<CODE> 1 (was CODE)
  Relative segment, address: 42B0 - 42C7 (0x18 bytes), align: 1
  Segment part 2.
           ENTRY                   ADDRESS         REF BY
           =====                   =======         ======
           __exit                  42B0            Segment part 6 (?_exit)
                                                   _exit (?_exit)
               calls direct

    -------------------------------------------------------------------------
  LIBRARY MODULE, NAME : ?_exit

  SEGMENTS IN THE MODULE
  ======================
<CODE> 1 (was CODE)
  Relative segment, address: 4408, align: 1
  Segment part 0.
           ENTRY                   ADDRESS         REF BY
           =====                   =======         ======
           _exit                   4408            exit (?exit)
    -------------------------------------------------------------------------
<CODE> 1 (was CODE)
  Relative segment, address: 4408 - 440B (0x4 bytes), align: 1
  Segment part 6.             Intra module refs:   _exit

    -------------------------------------------------------------------------
  LIBRARY MODULE, NAME : ?cstart

  SEGMENTS IN THE MODULE
  ======================
CSTACK
  Relative segment, address: 30B0, align: 1
  Segment part 1.
    -------------------------------------------------------------------------
DATA16_Z
  Relative segment, address: 13A0, align: 1
  Segment part 2.
    -------------------------------------------------------------------------
DATA16_I
  Relative segment, address: 12C4, align: 1
  Segment part 3.
    -------------------------------------------------------------------------
DATA16_ID
  Relative segment, address: 32C4, align: 1
  Segment part 4.
    -------------------------------------------------------------------------
CSTART
  Relative segment, address: 3398 - 339B (0x4 bytes), align: 1
  Segment part 12.
           ENTRY                   ADDRESS         REF BY
           =====                   =======         ======
           __program_start         3398            ?reset_vector (?reset_vector)
                                                   Absolute parts (?ABS_ENTRY_MOD)
           ?cstart_begin           3398 
    -------------------------------------------------------------------------
CSTART
  Relative segment, address: 339C - 33A7 (0xc bytes), align: 1
  Segment part 16.
           ENTRY                   ADDRESS         REF BY
           =====                   =======         ======
           ?cstart_init_zero       339C            __iar_Errno (?errno)
                                                   new_note_flag (lab7_assignment)
                                                   octive (lab7_assignment)
                                                   pulse (lab7_assignment)
                                                   rest (lab7_assignment)
    -------------------------------------------------------------------------
CSTART
  Relative segment, address: 33A8 - 33B7 (0x10 bytes), align: 1
  Segment part 17.
           ENTRY                   ADDRESS         REF BY
           =====                   =======         ======
           ?cstart_init_copy       33A8            current_song (lab7_assignment)
                                                   freq (lab7_assignment)
                                                   index (lab7_assignment)
                                                   note (lab7_assignment)
                                                   notes (lab7_assignment)
                                                   songs (lab7_assignment)
                                                   songs_octive (lab7_assignment)
    -------------------------------------------------------------------------
CSTART
  Relative segment, address: 33B8 - 33BF (0x8 bytes), align: 1
  Segment part 23.            Intra module refs:   Segment part 12
           ENTRY                   ADDRESS         REF BY
           =====                   =======         ======
           ?cstart_call_main       33B8 
           ?cstart_end             33C0 

    -------------------------------------------------------------------------
  LIBRARY MODULE, NAME : ?reset_vector

  SEGMENTS IN THE MODULE
  ======================
RESET
  Relative segment, address: FFFE - FFFF (0x2 bytes), align: 1
  Segment part 0.
           ENTRY                   ADDRESS         REF BY
           =====                   =======         ======
           ?reset_vector           FFFE            Segment part 12 (?cstart)

    -------------------------------------------------------------------------
  LIBRARY MODULE, NAME : ?errno

  SEGMENTS IN THE MODULE
  ======================
DATA16_Z
  Relative segment, address: 13A0 - 13A1 (0x2 bytes), align: 1
  Segment part 2.
           ENTRY                   ADDRESS         REF BY
           =====                   =======         ======
           __iar_Errno             13A0            __iar_Exp (?xexp)
                                                   internal_Pow (?pow)

    -------------------------------------------------------------------------
  LIBRARY MODULE, NAME : ?exit

  SEGMENTS IN THE MODULE
  ======================
<CODE> 1 (was CODE)
  Relative segment, address: 4400 - 4403 (0x4 bytes), align: 1
  Segment part 2.
           ENTRY                   ADDRESS         REF BY
           =====                   =======         ======
           exit                    4400            Segment part 23 (?cstart)
               calls direct
               CSTACK = 00000000 ( 00000004 )

    -------------------------------------------------------------------------
  LIBRARY MODULE, NAME : ?Mul32fHw

  SEGMENTS IN THE MODULE
  ======================
<CODE> 1 (was CODE)
  Relative segment, address: 3B90 - 3CC3 (0x134 bytes), align: 1
  Segment part 0.
           ENTRY                   ADDRESS         REF BY
           =====                   =======         ======
           ?Mul32fHw               3B90            Segment part 11 (?xlog)
                                                   Segment part 12 (?xlog)
                                                   Segment part 7 (?pow)
                                                   Segment part 8 (?xexp)
                                                   __iar_Exp (?xexp)
                                                   internal_Pow (?pow)
                                                   main (lab7_assignment)

    -------------------------------------------------------------------------
  LIBRARY MODULE, NAME : ?Cast32f32i

  SEGMENTS IN THE MODULE
  ======================
<CODE> 1 (was CODE)
  Relative segment, address: 3F46 - 3FD7 (0x92 bytes), align: 1
  Segment part 0.
           ENTRY                   ADDRESS         REF BY
           =====                   =======         ======
           _Cast32sto32f           3F46            __iar_Exp (?xexp)
                                                   internal_Pow (?pow)
           _Cast32uto32f           3F5A            main (lab7_assignment)

    -------------------------------------------------------------------------
  LIBRARY MODULE, NAME : _Cast32fto32s

  SEGMENTS IN THE MODULE
  ======================
<CODE> 1 (was CODE)
  Relative segment, address: 41D4 - 4205 (0x32 bytes), align: 1
  Segment part 0.
           ENTRY                   ADDRESS         REF BY
           =====                   =======         ======
           _Cast32fto32s           41D4            __iar_Exp (?xexp)
                                                   internal_Pow (?pow)
                                                   main (lab7_assignment)

    -------------------------------------------------------------------------
  LIBRARY MODULE, NAME : ?FLT_Extract

  SEGMENTS IN THE MODULE
  ======================
<CODE> 1 (was CODE)
  Relative segment, address: 410A - 4155 (0x4c bytes), align: 1
  Segment part 0.
           ENTRY                   ADDRESS         REF BY
           =====                   =======         ======
           ?FLT_Extract            410A            _Cast32fto32s (_Cast32fto32s)

    -------------------------------------------------------------------------
  LIBRARY MODULE, NAME : ?FLT_EQ

  SEGMENTS IN THE MODULE
  ======================
<CODE> 1 (was CODE)
  Relative segment, address: 4206 - 4235 (0x30 bytes), align: 1
  Segment part 0.
           ENTRY                   ADDRESS         REF BY
           =====                   =======         ======
           ?FLT_EQ                 4206            _CmpEq32f (_CmpEq32f)
                                                   _CmpNe32f (_CmpNe32f)

    -------------------------------------------------------------------------
  LIBRARY MODULE, NAME : ?FLT_GE

  SEGMENTS IN THE MODULE
  ======================
<CODE> 1 (was CODE)
  Relative segment, address: 4062 - 40B7 (0x56 bytes), align: 1
  Segment part 0.
           ENTRY                   ADDRESS         REF BY
           =====                   =======         ======
           ?FLT_GE                 4062            _CmpGe32f (_CmpGe32f)

    -------------------------------------------------------------------------
  LIBRARY MODULE, NAME : ?FLT_LT

  SEGMENTS IN THE MODULE
  ======================
<CODE> 1 (was CODE)
  Relative segment, address: 40B8 - 4109 (0x52 bytes), align: 1
  Segment part 0.
           ENTRY                   ADDRESS         REF BY
           =====                   =======         ======
           ?FLT_LT                 40B8            _CmpLt32f (_CmpLt32f)

    -------------------------------------------------------------------------
  LIBRARY MODULE, NAME : _CmpEq32f

  SEGMENTS IN THE MODULE
  ======================
<CODE> 1 (was CODE)
  Relative segment, address: 4396 - 43A1 (0xc bytes), align: 1
  Segment part 0.
           ENTRY                   ADDRESS         REF BY
           =====                   =======         ======
           _CmpEq32f               4396            Segment part 12 (?pow)
                                                   __iar_Exp (?xexp)
                                                   internal_Pow (?pow)

    -------------------------------------------------------------------------
  LIBRARY MODULE, NAME : _CmpNe32f

  SEGMENTS IN THE MODULE
  ======================
<CODE> 1 (was CODE)
  Relative segment, address: 4372 - 437D (0xc bytes), align: 1
  Segment part 0.
           ENTRY                   ADDRESS         REF BY
           =====                   =======         ======
           _CmpNe32f               4372            __iar_Exp (?xexp)

    -------------------------------------------------------------------------
  LIBRARY MODULE, NAME : _CmpGe32f

  SEGMENTS IN THE MODULE
  ======================
<CODE> 1 (was CODE)
  Relative segment, address: 43CA - 43D3 (0xa bytes), align: 1
  Segment part 0.
           ENTRY                   ADDRESS         REF BY
           =====                   =======         ======
           _CmpGe32f               43CA            __iar_Exp (?xexp)
                                                   internal_Pow (?pow)

    -------------------------------------------------------------------------
  LIBRARY MODULE, NAME : _CmpLt32f

  SEGMENTS IN THE MODULE
  ======================
<CODE> 1 (was CODE)
  Relative segment, address: 43C0 - 43C9 (0xa bytes), align: 1
  Segment part 0.
           ENTRY                   ADDRESS         REF BY
           =====                   =======         ======
           _CmpLt32f               43C0            __iar_Exp (?xexp)
                                                   internal_Pow (?pow)

    -------------------------------------------------------------------------
  LIBRARY MODULE, NAME : _Div32f

  SEGMENTS IN THE MODULE
  ======================
<CODE> 1 (was CODE)
  Relative segment, address: 3CC4 - 3DF3 (0x130 bytes), align: 1
  Segment part 0.
           ENTRY                   ADDRESS         REF BY
           =====                   =======         ======
           _Div32f                 3CC4            __iar_Exp (?xexp)
                                                   internal_Pow (?pow)

    -------------------------------------------------------------------------
  LIBRARY MODULE, NAME : _Add32f

  SEGMENTS IN THE MODULE
  ======================
<CODE> 1 (was CODE)
  Relative segment, address: 3A2E - 3B8F (0x162 bytes), align: 1
  Segment part 0.
           ENTRY                   ADDRESS         REF BY
           =====                   =======         ======
           _Add32f                 3A32            Segment part 11 (?xlog)
                                                   Segment part 12 (?xlog)
                                                   Segment part 13 (?pow)
                                                   Segment part 4 (?xexp)
                                                   __iar_Exp (?xexp)
                                                   internal_Pow (?pow)
           _Sub32f                 3A2E            Segment part 3 (?xexp)
                                                   __iar_Exp (?xexp)
                                                   internal_Pow (?pow)

    -------------------------------------------------------------------------
  LIBRARY MODULE, NAME : ?DivMod816u

  SEGMENTS IN THE MODULE
  ======================
<CODE> 1 (was CODE)
  Relative segment, address: 4294 - 42AF (0x1c bytes), align: 1
  Segment part 0.
           ENTRY                   ADDRESS         REF BY
           =====                   =======         ======
           ?DivMod8u               4294 
           ?DivMod16u              4298            Segment part 0 (?DivMod816s)

    -------------------------------------------------------------------------
  LIBRARY MODULE, NAME : ?DivMod816s

  SEGMENTS IN THE MODULE
  ======================
<CODE> 1 (was CODE)
  Relative segment, address: 41A0 - 41D3 (0x34 bytes), align: 1
  Segment part 0.
           ENTRY                   ADDRESS         REF BY
           =====                   =======         ======
           ?DivMod8s               41A0 
           ?DivMod16s              41A4            main (lab7_assignment)

    -------------------------------------------------------------------------
  LIBRARY MODULE, NAME : ?memcpy

  SEGMENTS IN THE MODULE
  ======================
<CODE> 1 (was CODE)
  Relative segment, address: 42F0 - 4301 (0x12 bytes), align: 1
  Segment part 2.
           ENTRY                   ADDRESS         REF BY
           =====                   =======         ======
           memcpy                  42F0            __data16_memcpy (?memzero)
               CSTACK = 00000000 ( 00000004 )

    -------------------------------------------------------------------------
  LIBRARY MODULE, NAME : ?memzero

  SEGMENTS IN THE MODULE
  ======================
<CODE> 1 (was CODE)
  Relative segment, address: 4314 - 4325 (0x12 bytes), align: 1
  Segment part 4.
           ENTRY                   ADDRESS         REF BY
           =====                   =======         ======
           __data16_memzero        4314            ?cstart_init_zero (?cstart)
               CSTACK = 00000000 ( 00000004 )
    -------------------------------------------------------------------------
<CODE> 1 (was CODE)
  Relative segment, address: 4404 - 4407 (0x4 bytes), align: 1
  Segment part 3.
           ENTRY                   ADDRESS         REF BY
           =====                   =======         ======
           __data16_memcpy         4404            ?cstart_init_copy (?cstart)
               calls direct
               CSTACK = 00000000 ( 00000004 )

    -------------------------------------------------------------------------
  LIBRARY MODULE, NAME : ?pow

  SEGMENTS IN THE MODULE
  ======================
<CODE> 1 (was CODE)
  Relative segment, address: 3440 - 37A9 (0x36a bytes), align: 1
  Segment part 3.             Intra module refs:   pow
           LOCAL                   ADDRESS         
           =====                   =======         
           internal_Pow            3440 
               calls direct
               CSTACK = 00000000 ( 00000030 )
    -------------------------------------------------------------------------
<CODE> 1 (was CODE)
  Relative segment, address: 43A2 - 43AB (0xa bytes), align: 1
  Segment part 4.             Intra module refs:   internal_Pow
    -------------------------------------------------------------------------
<CODE> 1 (was CODE)
  Relative segment, address: 4364 - 4371 (0xe bytes), align: 1
  Segment part 5.             Intra module refs:   internal_Pow
    -------------------------------------------------------------------------
<CODE> 1 (was CODE)
  Relative segment, address: 43AC - 43B5 (0xa bytes), align: 1
  Segment part 6.             Intra module refs:   internal_Pow
    -------------------------------------------------------------------------
<CODE> 1 (was CODE)
  Relative segment, address: 4302 - 4313 (0x12 bytes), align: 1
  Segment part 7.             Intra module refs:   internal_Pow
    -------------------------------------------------------------------------
<CODE> 1 (was CODE)
  Relative segment, address: 43D4 - 43DD (0xa bytes), align: 1
  Segment part 8.             Intra module refs:   internal_Pow
    -------------------------------------------------------------------------
<CODE> 1 (was CODE)
  Relative segment, address: 43DE - 43E7 (0xa bytes), align: 1
  Segment part 9.             Intra module refs:   internal_Pow
    -------------------------------------------------------------------------
<CODE> 1 (was CODE)
  Relative segment, address: 43FA - 43FF (0x6 bytes), align: 1
  Segment part 10.            Intra module refs:   internal_Pow
    -------------------------------------------------------------------------
<CODE> 1 (was CODE)
  Relative segment, address: 43B6 - 43BF (0xa bytes), align: 1
  Segment part 11.            Intra module refs:   Segment part 10
                                                   Segment part 12
                                                   Segment part 13
    -------------------------------------------------------------------------
<CODE> 1 (was CODE)
  Relative segment, address: 437E - 4389 (0xc bytes), align: 1
  Segment part 12.            Intra module refs:   internal_Pow
    -------------------------------------------------------------------------
<CODE> 1 (was CODE)
  Relative segment, address: 43F2 - 43F9 (0x8 bytes), align: 1
  Segment part 13.            Intra module refs:   internal_Pow
    -------------------------------------------------------------------------
<CODE> 1 (was CODE)
  Relative segment, address: 4336 - 4345 (0x10 bytes), align: 1
  Segment part 14.            Intra module refs:   internal_Pow
    -------------------------------------------------------------------------
<CODE> 1 (was CODE)
  Relative segment, address: 43E8 - 43F1 (0xa bytes), align: 1
  Segment part 2.
           ENTRY                   ADDRESS         REF BY
           =====                   =======         ======
           pow                     43E8            main (lab7_assignment)
               calls direct
               CSTACK = 00000000 ( 00000006 )

    -------------------------------------------------------------------------
  LIBRARY MODULE, NAME : ?xdint

  SEGMENTS IN THE MODULE
  ======================
<CODE> 1 (was CODE)
  Relative segment, address: 3FD8 - 4061 (0x8a bytes), align: 1
  Segment part 2.
           ENTRY                   ADDRESS         REF BY
           =====                   =======         ======
           __iar_Dint              3FD8            Segment part 14 (?pow)
                                                   Segment part 9 (?pow)
               CSTACK = 00000000 ( 00000004 )

    -------------------------------------------------------------------------
  LIBRARY MODULE, NAME : ?xdscale

  SEGMENTS IN THE MODULE
  ======================
<CODE> 1 (was CODE)
  Relative segment, address: 3EB2 - 3F45 (0x94 bytes), align: 1
  Segment part 2.
           ENTRY                   ADDRESS         REF BY
           =====                   =======         ======
           __iar_Dscale            3EB2            __iar_Exp (?xexp)
               CSTACK = 00000000 ( 00000008 )

    -------------------------------------------------------------------------
  LIBRARY MODULE, NAME : ?xdtest

  SEGMENTS IN THE MODULE
  ======================
<CODE> 1 (was CODE)
  Relative segment, address: 4236 - 4259 (0x24 bytes), align: 1
  Segment part 2.
           ENTRY                   ADDRESS         REF BY
           =====                   =======         ======
           __iar_Dtest             4236            __iar_Exp (?xexp)
               CSTACK = 00000000 ( 00000004 )

    -------------------------------------------------------------------------
  LIBRARY MODULE, NAME : ?xdunscal

  SEGMENTS IN THE MODULE
  ======================
<CODE> 1 (was CODE)
  Relative segment, address: 4156 - 419F (0x4a bytes), align: 1
  Segment part 2.
           ENTRY                   ADDRESS         REF BY
           =====                   =======         ======
           __iar_Dunscale          4156            internal_Pow (?pow)
               CSTACK = 00000000 ( 00000004 )

    -------------------------------------------------------------------------
  LIBRARY MODULE, NAME : ?xexp

  SEGMENTS IN THE MODULE
  ======================
<CODE> 1 (was CODE)
  Relative segment, address: 37AA - 3A2D (0x284 bytes), align: 1
  Segment part 2.
           ENTRY                   ADDRESS         REF BY
           =====                   =======         ======
           __iar_Exp               37AA            internal_Pow (?pow)
               calls direct
               CSTACK = 00000000 ( 0000001E )
    -------------------------------------------------------------------------
<CODE> 1 (was CODE)
  Relative segment, address: 438A - 4395 (0xc bytes), align: 1
  Segment part 3.             Intra module refs:   __iar_Exp
    -------------------------------------------------------------------------
<CODE> 1 (was CODE)
  Relative segment, address: 42C8 - 42DD (0x16 bytes), align: 1
  Segment part 4.             Intra module refs:   __iar_Exp
    -------------------------------------------------------------------------
<CODE> 1 (was CODE)
  Relative segment, address: 42DE - 42EF (0x12 bytes), align: 1
  Segment part 5.             Intra module refs:   __iar_Exp
    -------------------------------------------------------------------------
<CODE> 1 (was CODE)
  Relative segment, address: 4356 - 4363 (0xe bytes), align: 1
  Segment part 6.             Intra module refs:   __iar_Exp
    -------------------------------------------------------------------------
<CODE> 1 (was CODE)
  Relative segment, address: 4278 - 427D (0x6 bytes), align: 1
  Segment part 7.             Intra module refs:   __iar_Exp
    -------------------------------------------------------------------------
<CODE> 1 (was CODE)
  Relative segment, address: 427E - 4293 (0x16 bytes), align: 1
  Segment part 8.             Intra module refs:   Segment part 7
                                                   __iar_Exp

    -------------------------------------------------------------------------
  LIBRARY MODULE, NAME : ?xlog

  SEGMENTS IN THE MODULE
  ======================
<CODE> 1 (was CODE)
  Relative segment, address: 4326 - 4335 (0x10 bytes), align: 1
  Segment part 11.            Intra module refs:   __iar_Logpoly
    -------------------------------------------------------------------------
<CODE> 1 (was CODE)
  Relative segment, address: 4346 - 4355 (0x10 bytes), align: 1
  Segment part 12.            Intra module refs:   __iar_Logpoly
    -------------------------------------------------------------------------
<CODE> 1 (was CODE)
  Relative segment, address: 425A - 4277 (0x1e bytes), align: 1
  Segment part 2.
           ENTRY                   ADDRESS         REF BY
           =====                   =======         ======
           __iar_Logpoly           425A            internal_Pow (?pow)
               calls direct
               CSTACK = 00000000 ( 00000008 )




                ****************************************
                *                                      *
                *      SEGMENTS IN ADDRESS ORDER       *
                *                                      *
                ****************************************


SEGMENT              SPACE    START ADDRESS   END ADDRESS     SIZE  TYPE  ALIGN
=======              =====    =============   ===========     ====  ====  =====
DATA16_AN                              0000 - 0000               1   rel    0
                                       001A - 001B               2 
                                       0120 - 0121               2 
                                       0180 - 0181               2 
                                       018A - 018B               2 
                                       0192 - 0193               2 
                                       019A - 019B               2 
DATA16_I                               1100 - 1397             298   rel    1
DATA16_Z                               1398 - 13A1               A   rel    1
CSTACK                                 30B0 - 30FF              50   rel    1
DATA16_C                                  3100                       dse    0
DATA16_ID                              3100 - 3397             298   rel    1
CSTART                                 3398 - 33BF              28   rel    1
ISR_CODE                               33C0 - 343F              80   rel    1
<CODE> 1                               3440 - 440D             FCE   rel    1
INTVEC                                 FFC0 - FFF5              36   com    1
RESET                                  FFFE - FFFF               2   rel    1

                ****************************************
                *                                      *
                *        END OF CROSS REFERENCE        *
                *                                      *
                ****************************************

 4 270 bytes of CODE  memory
   754 bytes of DATA  memory (+ 13 absolute )
   664 bytes of CONST memory

Errors: none
Warnings: none

