################################################################################
#                                                                              #
#      IAR Universal Linker V6.0.0.46                                          #
#                                                                              #
#           Link time     =  30/Oct/2014  15:12:07                             #
#           Target CPU    =  MSP430                                            #
#           List file     =  D:\uah\cpe323\lab9\2013\Debug\List\project_file.m #
#                            ap                                                #
#           Output file 1 =  D:\uah\cpe323\lab9\2013\Debug\Exe\project_file.d4 #
#                            3                                                 #
#                            Format: debug                                     #
#                            UBROF version 10.0.6                              #
#                            Using library modules for C-SPY (-rt)             #
#           Command line  =  D:\uah\cpe323\lab9\2013\Debug\Obj\lab9_2013.r43   #
#                            -o                                                #
#                            D:\uah\cpe323\lab9\2013\Debug\Exe\project_file.d4 #
#                            3                                                 #
#                            -l                                                #
#                            D:\uah\cpe323\lab9\2013\Debug\List\project_file.m #
#                            ap                                                #
#                            -xms                                              #
#                            "-IC:\Program Files (x86)\IAR Systems\Embedded Wo #
#                            rkbench 7.0\430\LIB\"                             #
#                            -f                                                #
#                            "C:\Program Files (x86)\IAR Systems\Embedded Work #
#                            bench 7.0\430\config\linker\lnk430F2013.xcl"      #
#                            (-cmsp430 -QCODE_I=CODE_ID -QTLS16_I=TLS16_ID     #
#                            -Z(CONST)INFO=1000-10FF                           #
#                            -Z(CONST)INFOA=10C0-10FF                          #
#                            -Z(CONST)INFOB=1080-10BF                          #
#                            -Z(CONST)INFOC=1040-107F                          #
#                            -Z(CONST)INFOD=1000-103F                          #
#                            -Z(DATA)DATA16_I,DATA16_Z,DATA16_N,TLS16_I=0200-0 #
#                            27F                                               #
#                            -Z(DATA)DATA16_HEAP+_DATA16_HEAP_SIZE             #
#                            -Z(DATA)CODE_I -Z(DATA)CSTACK+_STACK_SIZE#        #
#                            -Z(CONST)DATA16_C,DATA16_ID,TLS16_ID,DIFUNCT,CHEC #
#                            KSUM=F800-FFDF                                    #
#                            -Z(CODE)CSTART,ISR_CODE,CODE_ID=F800-FFDF         #
#                            -P(CODE)CODE=F800-FFDF -Z(CODE)INTVEC=FFE0-FFFF   #
#                            -Z(CODE)RESET=FFFE-FFFF) -D_STACK_SIZE=32 -rt     #
#                            "C:\Program Files (x86)\IAR Systems\Embedded Work #
#                            bench 7.0\430\lib\dlib\dl430fn.r43"               #
#                            -D_DATA16_HEAP_SIZE=0 -s __program_start          #
#                            -D_DATA20_HEAP_SIZE=50                            #
#                                                                              #
#                           Copyright (C) 1987-2014 IAR Systems AB.            #
################################################################################





                ****************************************
                *                                      *
                *           CROSS REFERENCE            *
                *                                      *
                ****************************************

       Program entry at :           F802  Relocatable, from module : ?cstart




                ****************************************
                *                                      *
                *            RUNTIME MODEL             *
                *                                      *
                ****************************************

  __Heap_Handler             = Basic
  __SystemLibrary            = DLib
  __core                     = 430
  __dlib_file_descriptor     = 0
  __dlib_full_locale_support = 0
  __double_size              = 32
  __pic                      = no
  __reg_r4                   = free
  __reg_r5                   = free
  __rt_version               = 3

                ****************************************
                *                                      *
                *    AUTOMATIC SYMBOL REDIRECTIONS     *
                *                                      *
                ****************************************

                  There are no automatic symbol redirections.



                ****************************************
                *                                      *
                *              MODULE MAP              *
                *                                      *
                ****************************************


  DEFINED ABSOLUTE ENTRIES
    *************************************************************************

  DEFINED ABSOLUTE ENTRIES
  PROGRAM MODULE, NAME : ?ABS_ENTRY_MOD

Absolute parts
           ENTRY                   ADDRESS         REF BY
           =====                   =======         ======
           _DATA20_HEAP_SIZE       0050 
           _DATA16_HEAP_SIZE       0000 
           _STACK_SIZE             0032 
    *************************************************************************

  FILE NAME : D:\uah\cpe323\lab9\2013\Debug\Obj\lab9_2013.r43
  PROGRAM MODULE, NAME : lab9_2013

  SEGMENTS IN THE MODULE
  ======================
DATA16_AN
  Relative segment, address: 0000 - 0000 (0x1 bytes), align: 0
  Segment part 1. ROOT        Intra module refs:   main
           ENTRY                   ADDRESS         REF BY
           =====                   =======         ======
           IE1                     0000 
    -------------------------------------------------------------------------
DATA16_AN
  Relative segment, address: 0021 - 0021 (0x1 bytes), align: 0
  Segment part 2. ROOT        Intra module refs:   main
                                                   watchdog_timer
           ENTRY                   ADDRESS         REF BY
           =====                   =======         ======
           P1OUT                   0021 
    -------------------------------------------------------------------------
DATA16_AN
  Relative segment, address: 0022 - 0022 (0x1 bytes), align: 0
  Segment part 3. ROOT        Intra module refs:   main
           ENTRY                   ADDRESS         REF BY
           =====                   =======         ======
           P1DIR                   0022 
    -------------------------------------------------------------------------
DATA16_AN
  Relative segment, address: 0078 - 0079 (0x2 bytes), align: 0
  Segment part 4. ROOT        Intra module refs:   SPISetup
           ENTRY                   ADDRESS         REF BY
           =====                   =======         ======
           _A_USICTL0              0078 
           LOCAL                   ADDRESS         
           =====                   =======         
           USICTL                  0078 
           USICTL0                 0078 
           USICTL1                 0079 
    -------------------------------------------------------------------------
DATA16_AN
  Relative segment, address: 007A - 007B (0x2 bytes), align: 0
  Segment part 5. ROOT        Intra module refs:   InitComm
                                                   USI_ISR
           ENTRY                   ADDRESS         REF BY
           =====                   =======         ======
           _A_USICKCTL             007A 
           LOCAL                   ADDRESS         
           =====                   =======         
           USICCTL                 007A 
           USICKCTL                007A 
           USICNT                  007B 
    -------------------------------------------------------------------------
DATA16_AN
  Relative segment, address: 007C - 007D (0x2 bytes), align: 0
  Segment part 6. ROOT        Intra module refs:   USI_ISR
           ENTRY                   ADDRESS         REF BY
           =====                   =======         ======
           _A_USISRL               007C 
           LOCAL                   ADDRESS         
           =====                   =======         
           USISR                   007C 
           USISRH                  007D 
           USISRL                  007C 
    -------------------------------------------------------------------------
DATA16_AN
  Relative segment, address: 0120 - 0121 (0x2 bytes), align: 0
  Segment part 7. ROOT        Intra module refs:   main
           ENTRY                   ADDRESS         REF BY
           =====                   =======         ======
           WDTCTL                  0120 
    -------------------------------------------------------------------------
DATA16_I
  Relative segment, address: 0200 - 0201 (0x2 bytes), align: 1
  Segment part 11.            Intra module refs:   main
                                                   watchdog_timer
           ENTRY                   ADDRESS         REF BY
           =====                   =======         ======
           LED_delays              0200 
    -------------------------------------------------------------------------
DATA16_Z
  Relative segment, address: 0202 - 0203 (0x2 bytes), align: 1
  Segment part 13.            Intra module refs:   watchdog_timer
           ENTRY                   ADDRESS         REF BY
           =====                   =======         ======
           LED_counter             0202 
    -------------------------------------------------------------------------
DATA16_Z
  Relative segment, address: 0204 - 0205 (0x2 bytes), align: 1
  Segment part 14.            Intra module refs:   watchdog_timer
           ENTRY                   ADDRESS         REF BY
           =====                   =======         ======
           LED_on                  0204 
    -------------------------------------------------------------------------
DATA16_Z
  Relative segment, address: 0206 - 0206 (0x1 bytes), align: 0
  Segment part 15.            Intra module refs:   main
           ENTRY                   ADDRESS         REF BY
           =====                   =======         ======
           LEDState                0206 
    -------------------------------------------------------------------------
DATA16_Z
  Relative segment, address: 0207 - 0207 (0x1 bytes), align: 0
  Segment part 16.            Intra module refs:   USI_ISR
                                                   main
           ENTRY                   ADDRESS         REF BY
           =====                   =======         ======
           NextState               0207 
    -------------------------------------------------------------------------
<CODE> 1 (was CODE)
  Relative segment, address: F8D6 - F8EB (0x16 bytes), align: 1
  Segment part 21.            Intra module refs:   main
           ENTRY                   ADDRESS         REF BY
           =====                   =======         ======
           SPISetup                F8D6 
               CSTACK = 00000000 ( 00000002 )
    -------------------------------------------------------------------------
<CODE> 1 (was CODE)
  Relative segment, address: F922 - F927 (0x6 bytes), align: 1
  Segment part 20.            Intra module refs:   main
           ENTRY                   ADDRESS         REF BY
           =====                   =======         ======
           InitComm                F922 
               CSTACK = 00000000 ( 00000002 )
    -------------------------------------------------------------------------
<CODE> 1 (was CODE)
  Relative segment, address: F82A - F88F (0x66 bytes), align: 1
  Segment part 19.
           ENTRY                   ADDRESS         REF BY
           =====                   =======         ======
           main                    F82A            Segment part 18 (?cstart)
               calls direct
               CSTACK = 00000000 ( 00000002 )
    -------------------------------------------------------------------------
<CODE> 1 (was CODE)
  Relative segment, address: F910 - F921 (0x12 bytes), align: 1
  Segment part 18.            Intra module refs:   USI_ISR::??INTVEC 8
           ENTRY                   ADDRESS         REF BY
           =====                   =======         ======
           USI_ISR                 F910 
               interrupt function
               CSTACK = 00000000 ( 00000004 )
    -------------------------------------------------------------------------
<CODE> 1 (was CODE)
  Relative segment, address: F890 - F8BF (0x30 bytes), align: 1
  Segment part 17.            Intra module refs:   watchdog_timer::??INTVEC 20
           ENTRY                   ADDRESS         REF BY
           =====                   =======         ======
           watchdog_timer          F890 
               interrupt function
               CSTACK = 00000000 ( 00000004 )
    -------------------------------------------------------------------------
INTVEC
  Common segment, address: FFE0 - FFE9 (0xa bytes), align: 1
  Segment part 8. ROOT 
           ENTRY                   ADDRESS         REF BY
           =====                   =======         ======
           USI_ISR::??INTVEC 8     FFE8 
    -------------------------------------------------------------------------
INTVEC
  Common segment, address: FFE0 - FFF5 (0x16 bytes), align: 1
  Segment part 9. ROOT 
           ENTRY                   ADDRESS         REF BY
           =====                   =======         ======
           watchdog_timer::??INTVEC 20
                                   FFF4 
    -------------------------------------------------------------------------
DATA16_ID
  Relative segment, address: F800 - F801 (0x2 bytes), align: 1
  Segment part 12.            Intra module refs:   LED_delays

    *************************************************************************

  FILE NAME : C:\Program Files (x86)\IAR Systems\Embedded Workbench 7.0\430\lib\dlib\dl430fn.r43
  LIBRARY MODULE, NAME : ?__dbg_break

  SEGMENTS IN THE MODULE
  ======================
<CODE> 1 (was CODE)
  Relative segment, address: F934 - F935 (0x2 bytes), align: 1
  Segment part 2.
           ENTRY                   ADDRESS         REF BY
           =====                   =======         ======
           __DebugBreak            F934            __exit (?__exit)

    -------------------------------------------------------------------------
  LIBRARY MODULE, NAME : ?__exit

  SEGMENTS IN THE MODULE
  ======================
<CODE> 1 (was CODE)
  Relative segment, address: F8C0 - F8D5 (0x16 bytes), align: 1
  Segment part 2.
           ENTRY                   ADDRESS         REF BY
           =====                   =======         ======
           __exit                  F8C0            Segment part 6 (?_exit)
                                                   _exit (?_exit)
               calls direct

    -------------------------------------------------------------------------
  LIBRARY MODULE, NAME : ?_exit

  SEGMENTS IN THE MODULE
  ======================
<CODE> 1 (was CODE)
  Relative segment, address: F92C, align: 1
  Segment part 0.
           ENTRY                   ADDRESS         REF BY
           =====                   =======         ======
           _exit                   F92C            exit (?exit)
    -------------------------------------------------------------------------
<CODE> 1 (was CODE)
  Relative segment, address: F92C - F92F (0x4 bytes), align: 1
  Segment part 6.             Intra module refs:   _exit

    -------------------------------------------------------------------------
  LIBRARY MODULE, NAME : ?cstart

  SEGMENTS IN THE MODULE
  ======================
CSTACK
  Relative segment, address: 024E, align: 1
  Segment part 1.
    -------------------------------------------------------------------------
DATA16_Z
  Relative segment, address: 0206, align: 1
  Segment part 2.
    -------------------------------------------------------------------------
DATA16_I
  Relative segment, address: 0202, align: 1
  Segment part 3.
    -------------------------------------------------------------------------
DATA16_ID
  Relative segment, address: F802, align: 1
  Segment part 4.
    -------------------------------------------------------------------------
CSTART
  Relative segment, address: F802 - F805 (0x4 bytes), align: 1
  Segment part 9.
           ENTRY                   ADDRESS         REF BY
           =====                   =======         ======
           __program_start         F802            ?reset_vector (?reset_vector)
                                                   Absolute parts (?ABS_ENTRY_MOD)
           ?cstart_begin           F802 
    -------------------------------------------------------------------------
CSTART
  Relative segment, address: F806 - F811 (0xc bytes), align: 1
  Segment part 13.
           ENTRY                   ADDRESS         REF BY
           =====                   =======         ======
           ?cstart_init_zero       F806            LEDState (lab9_2013)
                                                   LED_counter (lab9_2013)
                                                   LED_on (lab9_2013)
                                                   NextState (lab9_2013)
    -------------------------------------------------------------------------
CSTART
  Relative segment, address: F812 - F821 (0x10 bytes), align: 1
  Segment part 14.
           ENTRY                   ADDRESS         REF BY
           =====                   =======         ======
           ?cstart_init_copy       F812            LED_delays (lab9_2013)
    -------------------------------------------------------------------------
CSTART
  Relative segment, address: F822 - F829 (0x8 bytes), align: 1
  Segment part 18.            Intra module refs:   Segment part 9
           ENTRY                   ADDRESS         REF BY
           =====                   =======         ======
           ?cstart_call_main       F822 
           ?cstart_end             F82A 

    -------------------------------------------------------------------------
  LIBRARY MODULE, NAME : ?reset_vector

  SEGMENTS IN THE MODULE
  ======================
RESET
  Relative segment, address: FFFE - FFFF (0x2 bytes), align: 1
  Segment part 0.
           ENTRY                   ADDRESS         REF BY
           =====                   =======         ======
           ?reset_vector           FFFE            Segment part 9 (?cstart)

    -------------------------------------------------------------------------
  LIBRARY MODULE, NAME : ?exit

  SEGMENTS IN THE MODULE
  ======================
<CODE> 1 (was CODE)
  Relative segment, address: F928 - F92B (0x4 bytes), align: 1
  Segment part 2.
           ENTRY                   ADDRESS         REF BY
           =====                   =======         ======
           exit                    F928            Segment part 18 (?cstart)
               calls direct
               CSTACK = 00000000 ( 00000002 )

    -------------------------------------------------------------------------
  LIBRARY MODULE, NAME : ?memcpy

  SEGMENTS IN THE MODULE
  ======================
<CODE> 1 (was CODE)
  Relative segment, address: F8FE - F90F (0x12 bytes), align: 1
  Segment part 2.
           ENTRY                   ADDRESS         REF BY
           =====                   =======         ======
           memcpy                  F8FE            __data16_memcpy (?memzero)
               CSTACK = 00000000 ( 00000002 )

    -------------------------------------------------------------------------
  LIBRARY MODULE, NAME : ?memzero

  SEGMENTS IN THE MODULE
  ======================
<CODE> 1 (was CODE)
  Relative segment, address: F8EC - F8FD (0x12 bytes), align: 1
  Segment part 4.
           ENTRY                   ADDRESS         REF BY
           =====                   =======         ======
           __data16_memzero        F8EC            ?cstart_init_zero (?cstart)
               CSTACK = 00000000 ( 00000002 )
    -------------------------------------------------------------------------
<CODE> 1 (was CODE)
  Relative segment, address: F930 - F933 (0x4 bytes), align: 1
  Segment part 3.
           ENTRY                   ADDRESS         REF BY
           =====                   =======         ======
           __data16_memcpy         F930            ?cstart_init_copy (?cstart)
               calls direct
               CSTACK = 00000000 ( 00000002 )




                ****************************************
                *                                      *
                *      SEGMENTS IN ADDRESS ORDER       *
                *                                      *
                ****************************************


SEGMENT              SPACE    START ADDRESS   END ADDRESS     SIZE  TYPE  ALIGN
=======              =====    =============   ===========     ====  ====  =====
DATA16_AN                              0000 - 0000               1   rel    0
                                       0021 - 0022               2 
                                       0078 - 007D               6 
                                       0120 - 0121               2 
DATA16_I                               0200 - 0201               2   rel    1
DATA16_Z                               0202 - 0207               6   rel    1
CSTACK                                 024E - 027F              32   rel    1
DATA16_C                                  F800                       dse    0
DATA16_ID                              F800 - F801               2   rel    1
CSTART                                 F802 - F829              28   rel    1
<CODE> 1                               F82A - F935             10C   rel    1
INTVEC                                 FFE0 - FFF5              16   com    1
RESET                                  FFFE - FFFF               2   rel    1

                ****************************************
                *                                      *
                *        END OF CROSS REFERENCE        *
                *                                      *
                ****************************************

 332 bytes of CODE  memory
  58 bytes of DATA  memory (+ 11 absolute )
   2 bytes of CONST memory

Errors: none
Warnings: none

